[debug] [2026-01-14T16:16:45.437Z] ----------------------------------------------------------------------
[debug] [2026-01-14T16:16:45.442Z] Command:       C:\Program Files\nodejs\node.exe C:\Users\DELL\AppData\Roaming\npm\node_modules\firebase-tools\lib\bin\firebase.js deploy
[debug] [2026-01-14T16:16:45.442Z] CLI Version:   14.7.0
[debug] [2026-01-14T16:16:45.442Z] Platform:      win32
[debug] [2026-01-14T16:16:45.443Z] Node Version:  v20.19.3
[debug] [2026-01-14T16:16:45.443Z] Time:          Wed Jan 14 2026 18:16:45 GMT+0200 (Eastern European Standard Time)
[debug] [2026-01-14T16:16:45.443Z] ----------------------------------------------------------------------
[debug] 
[debug] [2026-01-14T16:16:45.816Z] > command requires scopes: ["email","openid","https://www.googleapis.com/auth/cloudplatformprojects.readonly","https://www.googleapis.com/auth/firebase","https://www.googleapis.com/auth/cloud-platform"]
[debug] [2026-01-14T16:16:45.817Z] > authorizing via signed-in user (3bdulhafeez.sd@gmail.com)
[debug] [2026-01-14T16:16:45.818Z] [iam] checking project mr-abdulhafeez for permissions ["datastore.indexes.create","datastore.indexes.delete","datastore.indexes.list","datastore.indexes.update","firebase.projects.get","firebasehosting.sites.update","firebaserules.releases.create","firebaserules.releases.update","firebaserules.rulesets.create"]
[debug] [2026-01-14T16:16:45.820Z] Checked if tokens are valid: true, expires at: 1768410815101
[debug] [2026-01-14T16:16:45.820Z] Checked if tokens are valid: true, expires at: 1768410815101
[debug] [2026-01-14T16:16:45.822Z] >>> [apiv2][query] POST https://cloudresourcemanager.googleapis.com/v1/projects/mr-abdulhafeez:testIamPermissions [none]
[debug] [2026-01-14T16:16:45.822Z] >>> [apiv2][(partial)header] POST https://cloudresourcemanager.googleapis.com/v1/projects/mr-abdulhafeez:testIamPermissions x-goog-quota-user=projects/mr-abdulhafeez
[debug] [2026-01-14T16:16:45.822Z] >>> [apiv2][body] POST https://cloudresourcemanager.googleapis.com/v1/projects/mr-abdulhafeez:testIamPermissions {"permissions":["datastore.indexes.create","datastore.indexes.delete","datastore.indexes.list","datastore.indexes.update","firebase.projects.get","firebasehosting.sites.update","firebaserules.releases.create","firebaserules.releases.update","firebaserules.rulesets.create"]}
[debug] [2026-01-14T16:16:47.008Z] <<< [apiv2][status] POST https://cloudresourcemanager.googleapis.com/v1/projects/mr-abdulhafeez:testIamPermissions 200
[debug] [2026-01-14T16:16:47.010Z] <<< [apiv2][body] POST https://cloudresourcemanager.googleapis.com/v1/projects/mr-abdulhafeez:testIamPermissions {"permissions":["datastore.indexes.create","datastore.indexes.delete","datastore.indexes.list","datastore.indexes.update","firebase.projects.get","firebasehosting.sites.update","firebaserules.releases.create","firebaserules.releases.update","firebaserules.rulesets.create"]}
[debug] [2026-01-14T16:16:47.013Z] Checked if tokens are valid: true, expires at: 1768410815101
[debug] [2026-01-14T16:16:47.013Z] Checked if tokens are valid: true, expires at: 1768410815101
[debug] [2026-01-14T16:16:47.014Z] >>> [apiv2][query] GET https://firebase.googleapis.com/v1beta1/projects/mr-abdulhafeez [none]
[debug] [2026-01-14T16:16:47.562Z] <<< [apiv2][status] GET https://firebase.googleapis.com/v1beta1/projects/mr-abdulhafeez 200
[debug] [2026-01-14T16:16:47.563Z] <<< [apiv2][body] GET https://firebase.googleapis.com/v1beta1/projects/mr-abdulhafeez {"projectId":"mr-abdulhafeez","projectNumber":"280231920119","displayName":"Mr-Abdulhafeez","name":"projects/mr-abdulhafeez","resources":{"hostingSite":"mr-abdulhafeez","realtimeDatabaseInstance":"mr-abdulhafeez-default-rtdb","locationId":"us-central"},"state":"ACTIVE","etag":"1_02b39a5e-38b4-403f-8aac-5ca4d46fd4e0"}
[info] 
[info] === Deploying to 'mr-abdulhafeez'...
[info] 
[info] i  deploying storage, firestore, hosting 
[info] i  storage: ensuring required API firebasestorage.googleapis.com is enabled... 
[debug] [2026-01-14T16:16:47.589Z] Checked if tokens are valid: true, expires at: 1768410815101
[debug] [2026-01-14T16:16:47.589Z] Checked if tokens are valid: true, expires at: 1768410815101
[debug] [2026-01-14T16:16:47.590Z] >>> [apiv2][query] GET https://serviceusage.googleapis.com/v1/projects/mr-abdulhafeez/services/firebasestorage.googleapis.com [none]
[debug] [2026-01-14T16:16:47.590Z] >>> [apiv2][(partial)header] GET https://serviceusage.googleapis.com/v1/projects/mr-abdulhafeez/services/firebasestorage.googleapis.com x-goog-quota-user=projects/mr-abdulhafeez
[debug] [2026-01-14T16:16:48.815Z] <<< [apiv2][status] GET https://serviceusage.googleapis.com/v1/projects/mr-abdulhafeez/services/firebasestorage.googleapis.com 200
[debug] [2026-01-14T16:16:48.816Z] <<< [apiv2][body] GET https://serviceusage.googleapis.com/v1/projects/mr-abdulhafeez/services/firebasestorage.googleapis.com [omitted]
[info] +  storage: required API firebasestorage.googleapis.com is enabled 
[debug] [2026-01-14T16:16:48.825Z] Checked if tokens are valid: true, expires at: 1768410815101
[debug] [2026-01-14T16:16:48.825Z] Checked if tokens are valid: true, expires at: 1768410815101
[debug] [2026-01-14T16:16:48.826Z] >>> [apiv2][query] GET https://firebasestorage.googleapis.com/v1alpha/projects/mr-abdulhafeez/defaultBucket [none]
[debug] [2026-01-14T16:16:50.041Z] <<< [apiv2][status] GET https://firebasestorage.googleapis.com/v1alpha/projects/mr-abdulhafeez/defaultBucket 200
[debug] [2026-01-14T16:16:50.042Z] <<< [apiv2][body] GET https://firebasestorage.googleapis.com/v1alpha/projects/mr-abdulhafeez/defaultBucket {"name":"projects/mr-abdulhafeez/defaultBucket","location":"US","bucket":{"name":"projects/mr-abdulhafeez/buckets/mr-abdulhafeez.appspot.com"},"storageClass":"STANDARD"}
[info] i  firebase.storage: checking storage.rules for compilation errors... 
[debug] [2026-01-14T16:16:50.054Z] Checked if tokens are valid: true, expires at: 1768410815101
[debug] [2026-01-14T16:16:50.054Z] Checked if tokens are valid: true, expires at: 1768410815101
[debug] [2026-01-14T16:16:50.055Z] >>> [apiv2][query] POST https://firebaserules.googleapis.com/v1/projects/mr-abdulhafeez:test [none]
[debug] [2026-01-14T16:16:50.056Z] >>> [apiv2][body] POST https://firebaserules.googleapis.com/v1/projects/mr-abdulhafeez:test [omitted]
[debug] [2026-01-14T16:16:50.445Z] <<< [apiv2][status] POST https://firebaserules.googleapis.com/v1/projects/mr-abdulhafeez:test 200
[debug] [2026-01-14T16:16:50.446Z] <<< [apiv2][body] POST https://firebaserules.googleapis.com/v1/projects/mr-abdulhafeez:test {}
[info] +  firebase.storage: rules file storage.rules compiled successfully 
[info] i  firestore: reading indexes from firestore.indexes.json... 
[info] i  cloud.firestore: checking firestore.rules for compilation errors... 
[debug] [2026-01-14T16:16:50.493Z] Checked if tokens are valid: true, expires at: 1768410815101
[debug] [2026-01-14T16:16:50.494Z] Checked if tokens are valid: true, expires at: 1768410815101
[debug] [2026-01-14T16:16:50.495Z] >>> [apiv2][query] POST https://firebaserules.googleapis.com/v1/projects/mr-abdulhafeez:test [none]
[debug] [2026-01-14T16:16:50.495Z] >>> [apiv2][body] POST https://firebaserules.googleapis.com/v1/projects/mr-abdulhafeez:test [omitted]
[debug] [2026-01-14T16:16:51.258Z] <<< [apiv2][status] POST https://firebaserules.googleapis.com/v1/projects/mr-abdulhafeez:test 200
[debug] [2026-01-14T16:16:51.258Z] <<< [apiv2][body] POST https://firebaserules.googleapis.com/v1/projects/mr-abdulhafeez:test {}
[info] +  cloud.firestore: rules file firestore.rules compiled successfully 
[debug] [2026-01-14T16:16:51.266Z] Checked if tokens are valid: true, expires at: 1768410815101
[debug] [2026-01-14T16:16:51.268Z] Checked if tokens are valid: true, expires at: 1768410815101
[debug] [2026-01-14T16:16:51.269Z] >>> [apiv2][query] POST https://firebasehosting.googleapis.com/v1beta1/projects/-/sites/mr-abdulhafeez/versions [none]
[debug] [2026-01-14T16:16:51.270Z] >>> [apiv2][body] POST https://firebasehosting.googleapis.com/v1beta1/projects/-/sites/mr-abdulhafeez/versions {"status":"CREATED","labels":{"deployment-tool":"cli-firebase"}}
[debug] [2026-01-14T16:16:52.608Z] <<< [apiv2][status] POST https://firebasehosting.googleapis.com/v1beta1/projects/-/sites/mr-abdulhafeez/versions 200
[debug] [2026-01-14T16:16:52.610Z] <<< [apiv2][body] POST https://firebasehosting.googleapis.com/v1beta1/projects/-/sites/mr-abdulhafeez/versions {"name":"projects/280231920119/sites/mr-abdulhafeez/versions/aff9ccde69eba442","status":"CREATED","config":{},"labels":{"deployment-tool":"cli-firebase"}}
[debug] [2026-01-14T16:16:52.617Z] Checked if tokens are valid: true, expires at: 1768410815101
[debug] [2026-01-14T16:16:52.618Z] Checked if tokens are valid: true, expires at: 1768410815101
[debug] [2026-01-14T16:16:52.625Z] >>> [apiv2][query] GET https://firebaserules.googleapis.com/v1/projects/mr-abdulhafeez/releases pageSize=10&pageToken=
[debug] [2026-01-14T16:16:52.975Z] <<< [apiv2][status] GET https://firebaserules.googleapis.com/v1/projects/mr-abdulhafeez/releases 200
[debug] [2026-01-14T16:16:52.976Z] <<< [apiv2][body] GET https://firebaserules.googleapis.com/v1/projects/mr-abdulhafeez/releases {"releases":[{"name":"projects/mr-abdulhafeez/releases/cloud.firestore","rulesetName":"projects/mr-abdulhafeez/rulesets/67963621-3434-41e8-bd6b-2f0eafd8a4d8","createTime":"2023-03-05T11:32:32.915674Z","updateTime":"2026-01-14T16:13:41.743889Z"},{"name":"projects/mr-abdulhafeez/releases/cloud.firestore/classmanagement","rulesetName":"projects/mr-abdulhafeez/rulesets/364a7310-6901-4249-8e8b-0224444c23e3","createTime":"2025-07-28T06:26:25.119458Z","updateTime":"2025-08-10T11:04:16.998878Z"},{"name":"projects/mr-abdulhafeez/releases/firebase.storage/mr-abdulhafeez.appspot.com","rulesetName":"projects/mr-abdulhafeez/rulesets/e12918d1-518c-49dd-a140-33f869475514","createTime":"2023-03-05T11:35:38.767662Z","updateTime":"2026-01-11T18:59:31.568057Z"}]}
[debug] [2026-01-14T16:16:53.063Z] Checked if tokens are valid: true, expires at: 1768410815101
[debug] [2026-01-14T16:16:53.063Z] Checked if tokens are valid: true, expires at: 1768410815101
[debug] [2026-01-14T16:16:53.064Z] >>> [apiv2][query] GET https://firebaserules.googleapis.com/v1/projects/mr-abdulhafeez/rulesets/e12918d1-518c-49dd-a140-33f869475514 [none]
[debug] [2026-01-14T16:16:53.512Z] <<< [apiv2][status] GET https://firebaserules.googleapis.com/v1/projects/mr-abdulhafeez/rulesets/e12918d1-518c-49dd-a140-33f869475514 200
[debug] [2026-01-14T16:16:53.513Z] <<< [apiv2][body] GET https://firebaserules.googleapis.com/v1/projects/mr-abdulhafeez/rulesets/e12918d1-518c-49dd-a140-33f869475514 [omitted]
[info] i  storage: latest version of storage.rules already up to date, skipping upload... 
[debug] [2026-01-14T16:16:53.527Z] Checked if tokens are valid: true, expires at: 1768410815101
[debug] [2026-01-14T16:16:53.527Z] Checked if tokens are valid: true, expires at: 1768410815101
[debug] [2026-01-14T16:16:53.528Z] >>> [apiv2][query] GET https://firestore.googleapis.com/v1/projects/mr-abdulhafeez/databases/(default) [none]
[debug] [2026-01-14T16:16:54.594Z] <<< [apiv2][status] GET https://firestore.googleapis.com/v1/projects/mr-abdulhafeez/databases/(default) 200
[debug] [2026-01-14T16:16:54.595Z] <<< [apiv2][body] GET https://firestore.googleapis.com/v1/projects/mr-abdulhafeez/databases/(default) {"name":"projects/mr-abdulhafeez/databases/(default)","uid":"935638e4-d14f-4380-a879-05138454a1c0","createTime":"2023-03-05T11:32:26.961815Z","updateTime":"2023-03-05T11:32:26.961815Z","locationId":"nam5","type":"FIRESTORE_NATIVE","concurrencyMode":"PESSIMISTIC","versionRetentionPeriod":"3600s","earliestVersionTime":"2026-01-14T15:16:54.891947Z","appEngineIntegrationMode":"DISABLED","keyPrefix":"s","pointInTimeRecoveryEnablement":"POINT_IN_TIME_RECOVERY_DISABLED","deleteProtectionState":"DELETE_PROTECTION_DISABLED","databaseEdition":"STANDARD","freeTier":true,"realtimeUpdatesMode":"REALTIME_UPDATES_MODE_ENABLED","etag":"IP6Sof62i5IDMOSy9P2thpAD"}
[debug] [2026-01-14T16:16:54.596Z] Checked if tokens are valid: true, expires at: 1768410815101
[debug] [2026-01-14T16:16:54.597Z] Checked if tokens are valid: true, expires at: 1768410815101
[debug] [2026-01-14T16:16:54.598Z] >>> [apiv2][query] GET https://firebaserules.googleapis.com/v1/projects/mr-abdulhafeez/releases pageSize=10&pageToken=
[debug] [2026-01-14T16:16:55.440Z] <<< [apiv2][status] GET https://firebaserules.googleapis.com/v1/projects/mr-abdulhafeez/releases 200
[debug] [2026-01-14T16:16:55.441Z] <<< [apiv2][body] GET https://firebaserules.googleapis.com/v1/projects/mr-abdulhafeez/releases {"releases":[{"name":"projects/mr-abdulhafeez/releases/cloud.firestore","rulesetName":"projects/mr-abdulhafeez/rulesets/67963621-3434-41e8-bd6b-2f0eafd8a4d8","createTime":"2023-03-05T11:32:32.915674Z","updateTime":"2026-01-14T16:13:41.743889Z"},{"name":"projects/mr-abdulhafeez/releases/cloud.firestore/classmanagement","rulesetName":"projects/mr-abdulhafeez/rulesets/364a7310-6901-4249-8e8b-0224444c23e3","createTime":"2025-07-28T06:26:25.119458Z","updateTime":"2025-08-10T11:04:16.998878Z"},{"name":"projects/mr-abdulhafeez/releases/firebase.storage/mr-abdulhafeez.appspot.com","rulesetName":"projects/mr-abdulhafeez/rulesets/e12918d1-518c-49dd-a140-33f869475514","createTime":"2023-03-05T11:35:38.767662Z","updateTime":"2026-01-11T18:59:31.568057Z"}]}
[debug] [2026-01-14T16:16:55.443Z] Checked if tokens are valid: true, expires at: 1768410815101
[debug] [2026-01-14T16:16:55.444Z] Checked if tokens are valid: true, expires at: 1768410815101
[debug] [2026-01-14T16:16:55.445Z] >>> [apiv2][query] GET https://firebaserules.googleapis.com/v1/projects/mr-abdulhafeez/rulesets/364a7310-6901-4249-8e8b-0224444c23e3 [none]
[debug] [2026-01-14T16:16:56.220Z] <<< [apiv2][status] GET https://firebaserules.googleapis.com/v1/projects/mr-abdulhafeez/rulesets/364a7310-6901-4249-8e8b-0224444c23e3 200
[debug] [2026-01-14T16:16:56.221Z] <<< [apiv2][body] GET https://firebaserules.googleapis.com/v1/projects/mr-abdulhafeez/rulesets/364a7310-6901-4249-8e8b-0224444c23e3 [omitted]
[info] i  firestore: uploading rules firestore.rules... 
[debug] [2026-01-14T16:16:56.223Z] Checked if tokens are valid: true, expires at: 1768410815101
[debug] [2026-01-14T16:16:56.223Z] Checked if tokens are valid: true, expires at: 1768410815101
[debug] [2026-01-14T16:16:56.224Z] >>> [apiv2][query] POST https://firebaserules.googleapis.com/v1/projects/mr-abdulhafeez/rulesets [none]
[debug] [2026-01-14T16:16:56.224Z] >>> [apiv2][body] POST https://firebaserules.googleapis.com/v1/projects/mr-abdulhafeez/rulesets [omitted]
[debug] [2026-01-14T16:16:56.643Z] <<< [apiv2][status] POST https://firebaserules.googleapis.com/v1/projects/mr-abdulhafeez/rulesets 200
[debug] [2026-01-14T16:16:56.644Z] <<< [apiv2][body] POST https://firebaserules.googleapis.com/v1/projects/mr-abdulhafeez/rulesets {"name":"projects/mr-abdulhafeez/rulesets/441293be-3c20-44c2-a660-e0d50c3bebd7","source":{"files":[{"content":"rules_version = '2';\nservice cloud.firestore {\n  match /databases/{database}/documents {\n    \n    // Allow public read access to published blog posts\n    // Allow authenticated admins to write\n    match /blogs/{blogId} {\n      allow read: if resource.data.status == 'published' && resource.data.is_deleted == false;\n      allow write: if request.auth != null && get(/databases/$(database)/documents/users/$(request.auth.uid)).data.isAdmin == true;\n    }\n\n    // Blog posts collection (used by BlogContext)\n    match /blog_posts/{postId} {\n      allow read: if true;\n      allow write: if request.auth != null && get(/databases/$(database)/documents/users/$(request.auth.uid)).data.isAdmin == true;\n    }\n\n    // Allow public read access to categories\n    // Allow authenticated admins to write\n    match /categories/{categoryId} {\n      allow read: if true;\n      allow write: if request.auth != null && (get(/databases/$(database)/documents/users/$(request.auth.uid)).data.role == 'admin');\n    }\n\n    // Allow public read access to tags\n    // Allow authenticated admins to write\n    match /tags/{tagId} {\n      allow read: if true;\n      allow write: if request.auth != null && (get(/databases/$(database)/documents/users/$(request.auth.uid)).data.role == 'admin');\n    }\n\n    // Allow public read access to courses\n    // Allow instructors to create/update their own courses\n    match /courses/{courseId} {\n      allow read: if true;\n      allow create: if request.auth != null && request.resource.data.instructor.uid == request.auth.uid;\n      allow update, delete: if request.auth != null && resource.data.instructor.uid == request.auth.uid;\n      \n      // Course units - only course owner can manage\n      match /units/{unitId} {\n        allow read: if request.auth != null;\n        allow write: if request.auth != null && \n          get(/databases/$(database)/documents/courses/$(courseId)).data.instructor.uid == request.auth.uid;\n        \n        // Lessons within units - only course owner can manage\n        match /lessons/{lessonId} {\n          allow read: if request.auth != null;\n          allow write: if request.auth != null && \n            get(/databases/$(database)/documents/courses/$(courseId)).data.instructor.uid == request.auth.uid;\n        }\n      }\n    }\n\n    // Allow public read access to aboutSections\n    // Allow instructors/admins to write\n    match /aboutSections/{sectionId} {\n      allow read: if true;\n      allow write: if request.auth != null;\n    }\n\n    // Allow read access to enrollments for authenticated users\n    // Instructors need to see all enrollments for their courses\n    match /enrollments/{enrollmentId} {\n      allow read: if request.auth != null;\n      allow create: if request.auth != null;\n      allow update: if request.auth != null;\n      allow delete: if request.auth != null;\n    }\n\n    // Attendance records - instructors can manage for their courses\n    match /attendance/{attendanceId} {\n      allow read: if request.auth != null;\n      allow create: if request.auth != null && \n        get(/databases/$(database)/documents/courses/$(request.resource.data.courseId)).data.instructor.uid == request.auth.uid;\n      allow update, delete: if request.auth != null && \n        get(/databases/$(database)/documents/courses/$(resource.data.courseId)).data.instructor.uid == request.auth.uid;\n    }\n\n    // Private lessons - only instructor can manage their own\n    match /privateLessons/{lessonId} {\n      allow read: if request.auth != null && \n        resource.data.instructorId == request.auth.uid;\n      allow create: if request.auth != null && \n        request.resource.data.instructorId == request.auth.uid;\n      allow update, delete: if request.auth != null && \n        resource.data.instructorId == request.auth.uid;\n    }\n\n    // Private students - only instructor can manage their own\n    match /privateStudents/{studentId} {\n      allow read: if request.auth != null && \n        resource.data.instructorId == request.auth.uid;\n      allow create: if request.auth != null && \n        request.resource.data.instructorId == request.auth.uid;\n      allow update, delete: if request.auth != null && \n        resource.data.instructorId == request.auth.uid;\n    }\n\n    // Private payments - only instructor can manage their own\n    match /privatePayments/{paymentId} {\n      allow read: if request.auth != null && \n        resource.data.instructorId == request.auth.uid;\n      allow create: if request.auth != null && \n        request.resource.data.instructorId == request.auth.uid;\n      allow update, delete: if request.auth != null && \n        resource.data.instructorId == request.auth.uid;\n    }\n\n    // Allow read/write access to payments for instructors\n    match /payments/{paymentId} {\n      allow read: if request.auth != null;\n      allow create, update: if request.auth != null;\n    }\n\n    // Course rounds - only course owner can manage rounds\n    match /course_rounds/{roundId} {\n      // Public read access to see round information\n      allow read: if true;\n      \n      // Only course owner can create rounds\n      allow create: if request.auth != null && \n        get(/databases/$(database)/documents/courses/$(request.resource.data.courseId)).data.instructor.uid == request.auth.uid;\n      \n      // Only course owner can update/delete rounds\n      allow update, delete: if request.auth != null && \n        get(/databases/$(database)/documents/courses/$(resource.data.courseId)).data.instructor.uid == request.auth.uid;\n    }\n\n    // Users collection - users can read/write their own profile\n    // Admins can read ALL users and update roles\n    match /users/{userId} {\n      // Users can read their own profile, admins can read all\n      allow read: if request.auth != null && \n        (request.auth.uid == userId || \n         get(/databases/$(database)/documents/users/$(request.auth.uid)).data.isAdmin == true);\n      \n      // Users can create/update their own profile\n      allow create: if request.auth != null && request.auth.uid == userId;\n      \n      // Users can update their own profile (but not isAdmin field)\n      // Admins can update any profile\n      allow update: if request.auth != null && \n        (request.auth.uid == userId || \n         get(/databases/$(database)/documents/users/$(request.auth.uid)).data.isAdmin == true);\n      \n      // Only admins can delete users\n      allow delete: if request.auth != null && \n        get(/databases/$(database)/documents/users/$(request.auth.uid)).data.isAdmin == true;\n    }\n\n    // Placeholder for other collections - adjust as needed\n    match /{document=**} {\n      allow read, write: if false;\n    }\n  }\n}","name":"firestore.rules"}]},"createTime":"2026-01-14T16:16:56.916607Z","metadata":{"services":["cloud.firestore"]}}
[debug] [2026-01-14T16:16:56.645Z] [rules] created ruleset projects/mr-abdulhafeez/rulesets/441293be-3c20-44c2-a660-e0d50c3bebd7
[info] i  firestore: deploying indexes... 
[debug] [2026-01-14T16:16:56.667Z] Checked if tokens are valid: true, expires at: 1768410815101
[debug] [2026-01-14T16:16:56.668Z] Checked if tokens are valid: true, expires at: 1768410815101
[debug] [2026-01-14T16:16:56.671Z] >>> [apiv2][query] GET https://firestore.googleapis.com/v1/projects/mr-abdulhafeez/databases/(default)/collectionGroups/-/indexes [none]
[debug] [2026-01-14T16:16:56.935Z] <<< [apiv2][status] GET https://firestore.googleapis.com/v1/projects/mr-abdulhafeez/databases/(default)/collectionGroups/-/indexes 200
[debug] [2026-01-14T16:16:56.936Z] <<< [apiv2][body] GET https://firestore.googleapis.com/v1/projects/mr-abdulhafeez/databases/(default)/collectionGroups/-/indexes {"indexes":[{"name":"projects/mr-abdulhafeez/databases/(default)/collectionGroups/blogs/indexes/CICAgLiT6IEK","queryScope":"COLLECTION","fields":[{"fieldPath":"status","order":"ASCENDING"},{"fieldPath":"is_deleted","order":"ASCENDING"},{"fieldPath":"category_id","order":"ASCENDING"},{"fieldPath":"published_at","order":"DESCENDING"},{"fieldPath":"__name__","order":"DESCENDING"}],"state":"READY","density":"SPARSE_ALL"},{"name":"projects/mr-abdulhafeez/databases/(default)/collectionGroups/blog_posts/indexes/CICAgJjmnIgK","queryScope":"COLLECTION","fields":[{"fieldPath":"status","order":"ASCENDING"},{"fieldPath":"category.en","order":"ASCENDING"},{"fieldPath":"publishedAt","order":"DESCENDING"},{"fieldPath":"__name__","order":"DESCENDING"}],"state":"READY","density":"SPARSE_ALL"},{"name":"projects/mr-abdulhafeez/databases/(default)/collectionGroups/blogs/indexes/CICAgLjyuogK","queryScope":"COLLECTION","fields":[{"fieldPath":"status","order":"ASCENDING"},{"fieldPath":"is_deleted","order":"ASCENDING"},{"fieldPath":"tags","arrayConfig":"CONTAINS"},{"fieldPath":"published_at","order":"DESCENDING"},{"fieldPath":"__name__","order":"DESCENDING"}],"state":"READY","density":"SPARSE_ALL"},{"name":"projects/mr-abdulhafeez/databases/(default)/collectionGroups/privatePayments/indexes/CICAgNiryokK","queryScope":"COLLECTION","fields":[{"fieldPath":"instructorId","order":"ASCENDING"},{"fieldPath":"date","order":"DESCENDING"},{"fieldPath":"__name__","order":"DESCENDING"}],"state":"READY","density":"SPARSE_ALL"},{"name":"projects/mr-abdulhafeez/databases/(default)/collectionGroups/privateLessons/indexes/CICAgLjRh4oK","queryScope":"COLLECTION","fields":[{"fieldPath":"instructorId","order":"ASCENDING"},{"fieldPath":"date","order":"DESCENDING"},{"fieldPath":"__name__","order":"DESCENDING"}],"state":"READY","density":"SPARSE_ALL"},{"name":"projects/mr-abdulhafeez/databases/(default)/collectionGroups/blog_posts/indexes/CICAgJiH2JAK","queryScope":"COLLECTION","fields":[{"fieldPath":"category.en","order":"ASCENDING"},{"fieldPath":"status","order":"ASCENDING"},{"fieldPath":"publishedAt","order":"DESCENDING"},{"fieldPath":"__name__","order":"DESCENDING"}],"state":"READY","density":"SPARSE_ALL"},{"name":"projects/mr-abdulhafeez/databases/(default)/collectionGroups/blog_posts/indexes/CICAgNi4-ZIK","queryScope":"COLLECTION","fields":[{"fieldPath":"status","order":"ASCENDING"},{"fieldPath":"publishedAt","order":"DESCENDING"},{"fieldPath":"__name__","order":"DESCENDING"}],"state":"READY","density":"SPARSE_ALL"},{"name":"projects/mr-abdulhafeez/databases/(default)/collectionGroups/blogs/indexes/CICAgLjRnZMK","queryScope":"COLLECTION","fields":[{"fieldPath":"status","order":"ASCENDING"},{"fieldPath":"is_deleted","order":"ASCENDING"},{"fieldPath":"published_at","order":"DESCENDING"},{"fieldPath":"__name__","order":"DESCENDING"}],"state":"READY","density":"SPARSE_ALL"}]}
[debug] [2026-01-14T16:16:56.938Z] Checked if tokens are valid: true, expires at: 1768410815101
[debug] [2026-01-14T16:16:56.939Z] Checked if tokens are valid: true, expires at: 1768410815101
[debug] [2026-01-14T16:16:56.941Z] >>> [apiv2][query] GET https://firestore.googleapis.com/v1/projects/mr-abdulhafeez/databases/(default)/collectionGroups/-/fields?filter=indexConfig.usesAncestorConfig=false OR ttlConfig:* [none]
[debug] [2026-01-14T16:16:57.185Z] <<< [apiv2][status] GET https://firestore.googleapis.com/v1/projects/mr-abdulhafeez/databases/(default)/collectionGroups/-/fields?filter=indexConfig.usesAncestorConfig=false OR ttlConfig:* 200
[debug] [2026-01-14T16:16:57.187Z] <<< [apiv2][body] GET https://firestore.googleapis.com/v1/projects/mr-abdulhafeez/databases/(default)/collectionGroups/-/fields?filter=indexConfig.usesAncestorConfig=false OR ttlConfig:* {"fields":[{"name":"projects/mr-abdulhafeez/databases/(default)/collectionGroups/__default__/fields/*","indexConfig":{"indexes":[{"queryScope":"COLLECTION","fields":[{"fieldPath":"*","order":"ASCENDING"}],"state":"READY"},{"queryScope":"COLLECTION","fields":[{"fieldPath":"*","order":"DESCENDING"}],"state":"READY"},{"queryScope":"COLLECTION","fields":[{"fieldPath":"*","arrayConfig":"CONTAINS"}],"state":"READY"}]}},{"name":"projects/mr-abdulhafeez/databases/(default)/collectionGroups/categories/fields/name_ar","indexConfig":{"indexes":[{"queryScope":"COLLECTION","fields":[{"fieldPath":"name_ar","order":"ASCENDING"}],"state":"READY"}],"ancestorField":"projects/mr-abdulhafeez/databases/(default)/collectionGroups/__default__/fields/*"}},{"name":"projects/mr-abdulhafeez/databases/(default)/collectionGroups/categories/fields/name_en","indexConfig":{"indexes":[{"queryScope":"COLLECTION","fields":[{"fieldPath":"name_en","order":"ASCENDING"}],"state":"READY"}],"ancestorField":"projects/mr-abdulhafeez/databases/(default)/collectionGroups/__default__/fields/*"}},{"name":"projects/mr-abdulhafeez/databases/(default)/collectionGroups/categories/fields/slug","indexConfig":{"indexes":[{"queryScope":"COLLECTION","fields":[{"fieldPath":"slug","order":"ASCENDING"}],"state":"READY"}],"ancestorField":"projects/mr-abdulhafeez/databases/(default)/collectionGroups/__default__/fields/*"}}]}
[info] i  firestore: The following indexes are defined in your project but are not present in your firestore indexes file:
	(privatePayments) -- (instructorId,ASCENDING) (date,DESCENDING) 
	(privateLessons) -- (instructorId,ASCENDING) (date,DESCENDING) 
	(blog_posts) -- (category.en,ASCENDING) (status,ASCENDING) (publishedAt,DESCENDING)  
